// Jest Snapshot v1, https://goo.gl/fbAQLP

exports[`Example Component Test Snapshot 1`] = `
<div>
  <div>
    Title: test
  </div>
  <p class="count-number">
    You clicked
    <span>
      0
    </span>
    times
  </p>
  <button>
    Click me
  </button>
</div>
`;
